# column spec:
# parameter number (index)  Phase 1                 Phase 2                 Phase 1                 Phase 2                 P1 fixed/   P2 fixed/   enabled/
#   parameter name          initial value           initial value           constraint value        constraint value        notfixed    notfixed    disabled
#                                       initial error       initial error               constraint error        contraint error
#
#   1   2   3   4   5   6   7   8   9   10  11  12  13  14  15  16  17  18  19  20  21  22  23  24  25  26  27  28  29  30  31  32  33  34  35  36  37  38
#   1                       2           3           4           5           6           7           8           9           10          11
#   name                    Phase 1                 Phase 2                 Phase 1                 Phase2                  P1 fixed    P2 fixed    enabled
#                           initial     initial     initial     initial     constraint  constraint  constraint  constraint  spec        spec        spec
#                           value       error       value       error       value       error       value       error
BREAK
# TODO: a 3rd value is required, fixed, free and float
# or                             hard, soft, free
# fixed is hard fixed value, cannot change
# float is soft fixed (constrained value)
# free is completely free, no fixed value or penalty term applied
# none is a placeholder for 0.0
# doesn't do anything just signifies that this value is N/A or ignored
BREAK
# first col is the parameter index/number
# second col is a list of mc files which are combined in the same fit
BREAK
# notes regarding where values are used:
# code makes use of initial and constrained values in 2 places, these are
# 1) when defining the parameters
# 2) when computing the loglikelihood value
#
# in the case of 1):
# parameter is initialized using initial value & error, if constrain mode
# is either free or soft
# if constrain mode is hard, then parameter is intilized using constrain
# value & error
#
# in the case of 2):
# if parameter is hard constrained, then Minuit does not vary that parameter
# in the fit, therefore it is essentially ignored
# if parameter is free, Minuit varies the paramter internally, no penalty term
# is applied
# if parameter is soft constrained, then penalty terms are applied in the
# logliklihood function, using the values and errors from the constrained
# inputs
# while at the same time, Minuit varies the parameters that were initialized
# using the initial parameter value & error
#
# simplified instructions:
#
# 1: If parameter is "free", set phase 1/2 initial value & error, set phase 1/2
#    constraint value & error to "none"
# 2: If parameter is "soft" constrained, set phase 1/2 initial value & error,
#    set phase 1/2 constraint value & error
# 3: If parameter is "hard" constrained, set phase 1/2 initial value & error to
#    the values to be used for the constraining value & error, then set the
#    constraint value & error to "useinit"
# this is counter intuitive, but is just how the code works at the moment, it
# requires an update
# TODO
#
# Notes regarding enabled/disabled parameters
#
# Code has been changed to track both parameter numbers and "internal" (minuit)
# parameter numbers.
# If a parameter is disabled, it no longer just does not appear in the output
# but is totally ignore by minuit. (Rather than just being set to Fixed, as
# in a previous version of this code.) This is supposed to increase readability
# of output, and to make it easier to debug.
#
BREAK
#   enabled/    phase 1                 phase 2                 phase 1                             phase 2                             list
#   disabled    initial                 initial                 constraint                          constraint                          of
#               value       error       value       error       mode        value       error       mode        value       error       MC files
#   1   2   3   4   5   6   7   8   9   10  11  12  13  14  15  16  17  18  19  20  21  22  23  24  25  26  27  28  29  30  31  32  33  34  35  36  37  38  39  40
#example:
#0	enabled     3.5350e-04	5.9777e-06  same        same        none        none        none        none        free    free    locked      nd150_rot_2n2b_m4       END
BREAK
#   list options:
#   "enabled"   [value]     [value]     [value]     [value]     [value]     [value]     [value]     [value]     "free"  "free"  "locked"    [MC datafile name]              "END"
#   "disabled"                          "same"      "same"      "none"      "none"      "none"      "none"      "soft"  "soft"  "unlocked"  list separated by space/tab
#                                                               "useinit"   "useinit"   "same"      "same"      "hard"  "hard"
#
#   ---------------------------------------------------------------------------------------------------------------------------------------------------------------
#   enabled/    phase 1                 phase 2                 phase 1                 phase 2                 P1      P2      P1 P2       list
#   disabled    initial                 initial                 constraint              constraint              cnstrt  cnstrt  lock        of
#               value       error       value       error       value       error       value       error       mode    mode    modeMC      files
#   1   2   3   4   5   6   7   8   9   10  11  12  13  14  15  16  17  18  19  20  21  22  23  24  25  26  27  28  29  30  31  32  33  34  35  36  37  38  39  40  41
#
#   NOTE: specifying locked will essentially ignore any P2 values. P2 values will be set to P1 values.
#   NOTE: useinit/same does not work for P2 constraint
#         I cannot remember what the fault is - check source code
#   NOTE: I do not like the current specification
#         I might prefer this
#0  enabled     P1P2    [init val]  [init err]  [constv]    [conste]     free   "150Nd"     nd150_rot_2n2b_m4
#         for a single param where P1 and P2 constraints are locked
#1  enabled     P1      [init val]  [init err]  [constv]    [conste]     soft   "40K"       k40_scintIN,k40_scintOUT
#2  enabled     P2      [initval]   [init err]  []          []          free    "..."       isotope_P2
#
#   ----------------------------------------------------------------------------------------------------------------------------------------------------------------------------------------
#   enabled/    phase enable/disable    phase 1/2/1+2           phase 1/2/1+2           constraint          name                        files/MC names list                             END
#   disabled                            initial                 constraint              mode                                                                                            END
#                                       value       error       value       error               stack type                                                                              END
#   ----------------------------------------------------------------------------------------------------------------------------------------------------------------------------------------
#   list options:
#   "enabled"   "P1_enabled"            [value]     [value]     [value]     [value]     "free"  "DEFAULT"   [param name]                [MC datafile name]                              "END"
#   "disabled"  "P1_disabled"                                   "useinit"   "useinit"   "soft"  "RN222"     parameter name              list separated by space/tab
#                           "P2_enabled"                                                "hard"  "RN220"     must be unique
#                           "P2_disabled"                                                       "EXTERNAL"
#                                                                                               "INTERNAL"
#                                                                                               "NEIGHBOUR"
#                                                                                               "ND150"     
#                                                                                               DEFAULT=OTHER
#                                                                                               "NA"=parameter does not have a corresponding MC to be stacked
#   ----------------------------------------------------------------------------------------------------------------------------------------------------------------------------------------
#   1   2   3   4   5   6   7   8   9   10  11  12  13  14  15  16  17  18  19  20  21  22  23  24  25  26  27  28  29  30  31  32  33  34  35  36  37  38  39  40  41  42  43  44  45  46
#   ----------------------------------------------------------------------------------------------------------------------------------------------------------------------------------------
# TODO: check these
0	enabled     P1_enabled  P2_enabled  3.45e-04    3.45e-05    0.0         useinit     useinit     free    ND150       nd150                       nd150_rot_2n2b_m4                               END # 470215
#1   enabled     P1_enabled  P2_enabled  0.296       0.1         useinit     useinit     free    NA          xi_31                       NOMC                                            END
1   enabled     P1_enabled  P2_enabled  0.000       0.1         0.0         useinit     useinit     free    NA          xi_31                       NOMC                                            END
BREAK
# TODO: bug: line with whitespace crashes
BREAK
2	enabled     P1_enabled  P2_enabled  1.70e-3   	0.02e-3     7%          useinit     useinit     soft    INTERNAL    ac228_bi212_tl208_int       ac228_int_rot   bi212_int_rot   tl208_int_rot   END # 2490, 1359, 7134
3   enabled     P1_enabled  P2_enabled  5.66e-3     0.15e-3     5.57%       useinit     useinit     soft    INTERNAL    bi207_int                   bi207_int_rot  	                                END # 9906
4   enabled     P1_enabled  P2_enabled  0.29e-3     0.01e-3     22.73%      useinit     useinit     soft    INTERNAL    bi214_int                   bi214_int_rot   pb214_int_rot                   END # 6839, 173
5   enabled     P1_enabled  P2_enabled  2.98e-3     0.21e-3     14%         useinit     useinit     soft    INTERNAL    eu152_int                   eu152_int_rot                                   END # 138
6   enabled     P1_enabled  P2_enabled  1.08e-3     0.25e-3     14%         useinit     useinit     soft    INTERNAL    eu154_int                   eu154_int_rot  	                                END # 385
7   enabled     P1_enabled  P2_enabled  10.14e-3    0.08e-3     9%          useinit     useinit     soft    INTERNAL    k40_int                     k40_int_rot	                                    END # 737
8   enabled     P1_enabled  P2_enabled  1.54e-3     0.04e-3     9%          useinit     useinit     soft    INTERNAL    pa234m_int                  pa234m_int_rot                                  END # 3877
9   enabled     P1_enabled  P2_enabled  1.6e-3      0.7e-3      11.96%      useinit     useinit     soft    INTERNAL    bi214_mylar                 bi214_mylar     pb214_mylar                     END # 207, 24
BREAK
10  enabled     P1_enabled  P2_enabled  4.86e-03    0.04e-03    22.8%       useinit     useinit     soft    NEIGHBOUR   mo100                       mo100_99_rot_2n2b_m14                           END # 308
11  enabled     P1_enabled  P2_enabled  0.135e-03   0.002e-03   22.8%       useinit     useinit     soft    NEIGHBOUR   mo100_bi214                 mo100_99_rot_bi214	                            END
12  enabled     P1_enabled  P2_enabled  0.73e-03    0.03e-03    22.8%       useinit     useinit     soft    NEIGHBOUR   mo100_pa234m                mo100_99_rot_pa234m	                            END
13  enabled     P1_enabled  P2_enabled  5.27e-03    0.07e-03    22.8%       useinit     useinit     soft    NEIGHBOUR   mo100_k40                   mo100_99_rot_k40	                            END
BREAK
14  enabled     P1_enabled  P2_enabled  0.051e-03	0.003e-03   22.8%       useinit     useinit     soft    NEIGHBOUR   zr96                        zr96_rot_2n2b_m4	                            END # 1894
15  enabled     P1_enabled  P2_enabled  0.19e-03    0.02e-03    22.8%       useinit     useinit     soft    NEIGHBOUR   zr96_bi214                  zr96_rot_bi214	                                END
16  enabled     P1_enabled  P2_enabled  0.49e-03    0.01e-03    22.8%       useinit     useinit     soft    NEIGHBOUR   zr96_pa234m                 zr96_rot_pa234m	                                END
17  enabled     P1_enabled  P2_enabled  19.7e-03	0.1e-03     22.8%       useinit     useinit     soft    NEIGHBOUR   zr96_k40                    zr96_rot_k40	                                END 
BREAK
18  enabled     P1_enabled  P2_enabled  0.031e-03	0.003e-03   22.8%       useinit     useinit     soft    NEIGHBOUR   ca48                        ca48_63_rot_2n2b_m4	                            END # 43
19  enabled     P1_enabled  P2_enabled  0.08e-03    0.01e-03    22.8%       useinit     useinit     soft    NEIGHBOUR   ca48_bi214                  ca48_63_rot_bi214	                            END
20  enabled     P1_enabled  P2_enabled  0.3e-03     0.1e-03     22.8%       useinit     useinit     soft    NEIGHBOUR   ca48_pa234m                 ca48_63_rot_pa234m	                            END
21  enabled     P1_enabled  P2_enabled  29.6e-03    0.1e-03     22.8%       useinit     useinit     soft    NEIGHBOUR   ca48_y90                    ca48_63_rot_y90	                                END
#10  disabled     P1_enabled P2_enabled  5.27e-03    0.07e-03    useinit     useinit     soft    mo100_99_rot_k40	                            END # 0 # TODO: something wrong in cov matrix output for this sample
BREAK
# NO EVENTS
22  enabled     P1_enabled  P2_enabled  1.3e-3      0.2e-3      0           useinit     useinit     soft    RN222       bi210_sfoil                 bi210_sfoil 	                                END     # 0 events
23  enabled     P1_enabled  P2_enabled  12.0        1.0         0           useinit     useinit     hard    RN222       bi210_swire                 bi210_swire 	                                END     # 5 events
24  enabled     P1_enabled  P2_enabled  32.0        4.0         0           useinit     useinit     soft    RN222       bi210_sscin                 bi210_sscin 	                                END     # 0 events
BREAK
25  enabled     P1_enabled  P2_enabled  146.0	    53.0        23.2%       useinit     useinit     soft    RN222       bi214_pmt                   bi214_pmt	                                    END     # 22 events
26  enabled     P1_enabled  P2_enabled  30.0	    4.0         14.2%       useinit     useinit     soft    RN222       ac228_tl208_pmt             ac228_pmt   tl208_pmt                           END     # 0 events, 18 events
27  enabled     P1_enabled  P2_enabled  10673.0	    2199        23.2%       useinit     useinit     soft    RN222       bi214_feshield              bi214_feShield	                                END     # 17 events
28  enabled     P1_enabled  P2_enabled  687.0       165.0       14.2%       useinit     useinit     soft    RN222       ac228_tl208_feshield        ac228_feShield  tl208_feShield                  END     # 1 events, 2 events
BREAK
BREAK
29  enabled     P1_enabled  P2_enabled  3.0         0.4         5.0%        useinit     useinit     soft    RN222       pa234m_sscin                pa234m_sscin                                    END     # 0 events
30  enabled     P1_enabled  P2_enabled  55.0    	21.0        26.7        useinit     useinit     soft    RN222       co60_cutower                co60_cuTower	                                END     # 1 events
31  enabled     P1_enabled  P2_enabled  1141.0	    90.0        5.0%        useinit     useinit     soft    RN222       k40_pmt                     k40_pmt	                                        END     # 5 events
32  enabled     P1_enabled  P2_enabled  16.0        4.0         5.0%        useinit     useinit     soft    RN222       k40_scint                   k40_scintIN k40_scintOUT k40_scintPET           END     # 0 events
BREAK
#22  disabled     P1_enabled P2_enabled  1.0e-3      0.6e-3      same        same        useinit     useinit     same        same        soft    soft    bi214_sfoil     pb214_sfoil	    END # 271, 23
#23  disabled     P1_enabled P2_enabled  1.3e-3      1.6e-3      same        same        useinit     useinit     same        same        soft    soft    bi214_swire     pb214_swire 	END
#23  disabled     P1_enabled P2_enabled  1.3e-3      1.0e-3      same        same        useinit     useinit     same        same        soft    soft    bi214_swire     pb214_swire 	END # 328, 21
# TODO: these do not work useinit/same problem
33  enabled     P1_enabled  P2_disabled 8.5e-3      3.2e-3      10%         useinit     useinit     soft    RN222       bi214_pb214_sfoil_in_P1     bi214_sfoil_IN      pb214_sfoil_IN              END
34  enabled     P1_enabled  P2_disabled 5.3e-3      2.9e-3      10%         useinit     useinit     soft    RN222       bi214_pb214_sfoil_out_P1    bi214_sfoil_OUT     pb214_sfoil_OUT             END
35  enabled     P1_enabled  P2_disabled 15.3e-3     8.7e-3      10%         useinit     useinit     soft    RN222       bi214_pb214_swire_inL0_P1   bi214_swire_INL0    pb214_swire_INL0            END
36  enabled     P1_enabled  P2_disabled 29.9e-3     9.7e-3      10%         useinit     useinit     soft    RN222       bi214_pb214_swire_outL0_P1  bi214_swire_OUTL0   pb214_swire_OUTL0           END
37  enabled     P1_enabled  P2_disabled 857.5e-3    194.9e-3    10%         useinit     useinit     soft    RN222       bi214_pb214_swire_Lg0_P1    bi214_swire_Lg0     pb214_swire_Lg0             END
BREAK
38  enabled     P1_disabled P2_enabled  1.4e-3      0.7e-3      10%         useinit     useinit     soft    RN222       bi214_pb214_sfoil_in_P2     bi214_sfoil_IN      pb214_sfoil_IN              END
39  enabled     P1_disabled P2_enabled  1.8e-3      0.8e-3      10%         useinit     useinit     soft    RN222       bi214_pb214_sfoil_out_P2    bi214_sfoil_OUT     pb214_sfoil_OUT             END
40  enabled     P1_disabled P2_enabled  1.2e-3      2.0e-3      10%         useinit     useinit     soft    RN222       bi214_pb214_swire_inL0_P2   bi214_swire_INL0    pb214_swire_INL0            END
41  enabled     P1_disabled P2_enabled  0.4e-3      3.9e-3      10%         useinit     useinit     soft    RN222       bi214_pb214_swire_outL0_P2  bi214_swire_OUTL0   pb214_swire_OUTL0           END
42  enabled     P1_disabled P2_enabled  101.3e-3    58.5e-3     10%         useinit     useinit     soft    RN222       bi214_pb214_swire_Lg0_P2    bi214_swire_Lg0     pb214_swire_Lg0             END
# TODO
BREAK
43  enabled     P1_enabled  P2_disabled 573.0	    36.0        9.0         useinit     useinit     hard    RN222       bi214_pb214_air_P1          bi214_air   pb214_air                           END     # 4 events
44  enabled     P1_enabled  P2_disabled 7.0  	    4.0         2.2         useinit     useinit     hard    RN220       tl208_air_P1                tl208_air   	                                END     # 0 events
BREAK
BREAK
BREAK
# I could have added these values as a new column in the above, but I chose not to
# These are optional anyway
BREAK
# Nd 150
NAME    0       ^{150}Nd 2#nu#beta#beta
NAME    1       g_{A} Axial Vector #xi_{31}
#BREAK
# Internals
NAME    2       ^{228}Ac ^{212}Bi ^{208}Tl Int
NAME    3       ^{207}Bi Int
NAME    4       ^{214}Bi ^{214}Pb Int
NAME    5       ^{152}Eu Int
NAME    6       ^{154}Eu Int
NAME    7       ^{40}K Int
NAME    8       ^{214m}Pa Int
NAME    9       ^{214}Bi ^{214}Pb Mylar
#BREAK
# Neighbours
NAME    10      ^{100}Mo 2#nu#beta#beta
NAME    11      ^{100}Mo int ^{214}Bi
NAME    12      ^{100}Mo int ^{234m}Pa
NAME    13      ^{100}Mo int ^{40}K
#BREAK
NAME    14      ^{96}Zr 2#nu#beta#beta
NAME    15      ^{96}Zr int ^{214}Bi
NAME    16      ^{96}Zr int ^{234}mPa
NAME    17      ^{96}Zr int ^{40}K
#BREAK
NAME    18      ^{48}Ca 2#nu#beta#beta
NAME    19      ^{48}Ca int ^{214}Bi
NAME    20      ^{48}Ca int ^{234m}Pa
NAME    21      ^{48}Ca int ^{90}Y
#BREAK
# Foil and Wire Surface (Radon)
NAME    22      ^{210}Bi SFoil
NAME    23      ^{210}Bi SWire
NAME    24      ^{210}Bi SScin
# Externals
NAME    25      ^{214}Bi PMT
NAME    26      ^{228}Ac ^{208}Tl PMT
NAME    27      ^{214}Bi Fe shield
NAME    28      ^{228}Ac ^{208}Tl Fe shield
NAME    29      ^{234m}Pa sscin
NAME    30      ^{60}Co Cu Tower
NAME    31      ^{40}K PMT
NAME    32      ^{40}K Scint
#NAME    28      ^{48}Ca int ^{90}Y
# Radon
#BREAK
NAME    33      ^{214}Bi ^{214}Pb SFoil In P1
NAME    34      ^{214}Bi ^{214}Pb SFoil Out P1
NAME    35      ^{214}Bi ^{214}Bi SWire In L=0 P1
NAME    36      ^{214}Bi ^{214}Bi SWire Out L=0 P1
NAME    37      ^{214}Bi ^{214}Bi SWire L>0 P1
#BREAK
NAME    38      ^{214}Bi ^{214}Pb SFoil In P2
NAME    39      ^{214}Bi ^{214}Pb SFoil Out P2
NAME    40      ^{214}Bi ^{214}Bi SWire In L=0 P2
NAME    41      ^{214}Bi ^{214}Bi SWire Out L=0 P2
NAME    42      ^{214}Bi ^{214}Bi SWire L>0 P2
# Air (Radon)
NAME    43      ^{214}Bi ^{214}Pb Air
NAME    44      ^{208}Tl Air
#
BREAK
#
#END
# example of something to implement
#CHANNELDEF 1D  0   hTotalE_            enabled
#CHANNELDEF 1D  1   hSingleEnergy_      enabled
#CHANNELDEF 1D  2   hLowEnergy_         enabled
#CHANNELDEF 1D  3   hHighEnergy_        enabled
#CHANNELDEF 2D  0   hHighLowEnergy_     enabled
